[    0.000000] Linux version 4.15.0-76-generic (buildd@lcy01-amd64-029) (gcc version 7.4.0 (Ubuntu 7.4.0-1ubuntu1~18.04.1)) #86-Ubuntu SMP Fri Jan 17 17:24:28 UTC 2020 (Ubuntu 4.15.0-76.86-generic 4.15.18)
[    0.000000] Command line: BOOT_IMAGE=/boot/vmlinuz-4.15.0-76-generic root=UUID=22d612d6-934b-4d55-995d-16aeb1bc5d8a ro console=tty1 console=ttyS0
[    0.000000] KERNEL supported cpus:
[    0.000000]   Intel GenuineIntel
[    0.000000]   AMD AuthenticAMD
[    0.000000]   Centaur CentaurHauls
[    0.000000] x86/fpu: Supporting XSAVE feature 0x001: 'x87 floating point registers'
[    0.000000] x86/fpu: Supporting XSAVE feature 0x002: 'SSE registers'
[    0.000000] x86/fpu: Supporting XSAVE feature 0x004: 'AVX registers'
[    0.000000] x86/fpu: xstate_offset[2]:  576, xstate_sizes[2]:  256
[    0.000000] x86/fpu: Enabled xstate features 0x7, context size is 832 bytes, using 'standard' format.
[    0.000000] e820: BIOS-provided physical RAM map:
[    0.000000] BIOS-e820: [mem 0x0000000000000000-0x000000000009fbff] usable
[    0.000000] BIOS-e820: [mem 0x000000000009fc00-0x000000000009ffff] reserved
[    0.000000] BIOS-e820: [mem 0x00000000000f0000-0x00000000000fffff] reserved
[    0.000000] BIOS-e820: [mem 0x0000000000100000-0x000000003ffeffff] usable
[    0.000000] BIOS-e820: [mem 0x000000003fff0000-0x000000003fffffff] ACPI data
[    0.000000] BIOS-e820: [mem 0x00000000fec00000-0x00000000fec00fff] reserved
[    0.000000] BIOS-e820: [mem 0x00000000fee00000-0x00000000fee00fff] reserved
[    0.000000] BIOS-e820: [mem 0x00000000fffc0000-0x00000000ffffffff] reserved
[    0.000000] NX (Execute Disable) protection: active
[    0.000000] SMBIOS 2.5 present.
[    0.000000] DMI: innotek GmbH VirtualBox/VirtualBox, BIOS VirtualBox 12/01/2006
[    0.000000] Hypervisor detected: KVM
[    0.000000] e820: last_pfn = 0x3fff0 max_arch_pfn = 0x400000000
[    0.000000] MTRR: Disabled
[    0.000000] x86/PAT: MTRRs disabled, skipping PAT initialization too.
[    0.000000] CPU MTRRs all blank - virtualized system.
[    0.000000] x86/PAT: Configuration [0-7]: WB  WT  UC- UC  WB  WT  UC- UC  
[    0.000000] found SMP MP-table at [mem 0x0009fff0-0x0009ffff]
[    0.000000] Scanning 1 areas for low memory corruption
[    0.000000] RAMDISK: [mem 0x35967000-0x36caafff]
[    0.000000] ACPI: Early table checksum verification disabled
[    0.000000] ACPI: RSDP 0x00000000000E0000 000024 (v02 VBOX  )
[    0.000000] ACPI: XSDT 0x000000003FFF0030 00003C (v01 VBOX   VBOXXSDT 00000001 ASL  00000061)
[    0.000000] ACPI: FACP 0x000000003FFF00F0 0000F4 (v04 VBOX   VBOXFACP 00000001 ASL  00000061)
[    0.000000] ACPI: DSDT 0x000000003FFF0470 0022EA (v02 VBOX   VBOXBIOS 00000002 INTL 20100528)
[    0.000000] ACPI: FACS 0x000000003FFF0200 000040
[    0.000000] ACPI: FACS 0x000000003FFF0200 000040
[    0.000000] ACPI: APIC 0x000000003FFF0240 00005C (v02 VBOX   VBOXAPIC 00000001 ASL  00000061)
[    0.000000] ACPI: SSDT 0x000000003FFF02A0 0001CC (v01 VBOX   VBOXCPUT 00000002 INTL 20100528)
[    0.000000] No NUMA configuration found
[    0.000000] Faking a node at [mem 0x0000000000000000-0x000000003ffeffff]
[    0.000000] NODE_DATA(0) allocated [mem 0x3ffc5000-0x3ffeffff]
[    0.000000] kvm-clock: cpu 0, msr 0:3ff44001, primary cpu clock
[    0.000000] kvm-clock: Using msrs 4b564d01 and 4b564d00
[    0.000000] kvm-clock: using sched offset of 6189435548 cycles
[    0.000000] clocksource: kvm-clock: mask: 0xffffffffffffffff max_cycles: 0x1cd42e4dffb, max_idle_ns: 881590591483 ns
[    0.000000] Zone ranges:
[    0.000000]   DMA      [mem 0x0000000000001000-0x0000000000ffffff]
[    0.000000]   DMA32    [mem 0x0000000001000000-0x000000003ffeffff]
[    0.000000]   Normal   empty
[    0.000000]   Device   empty
[    0.000000] Movable zone start for each node
[    0.000000] Early memory node ranges
[    0.000000]   node   0: [mem 0x0000000000001000-0x000000000009efff]
[    0.000000]   node   0: [mem 0x0000000000100000-0x000000003ffeffff]
[    0.000000] Reserved but unavailable: 98 pages
[    0.000000] Initmem setup node 0 [mem 0x0000000000001000-0x000000003ffeffff]
[    0.000000] ACPI: PM-Timer IO Port: 0x4008
[    0.000000] IOAPIC[0]: apic_id 2, version 32, address 0xfec00000, GSI 0-23
[    0.000000] ACPI: INT_SRC_OVR (bus 0 bus_irq 0 global_irq 2 dfl dfl)
[    0.000000] ACPI: INT_SRC_OVR (bus 0 bus_irq 9 global_irq 9 low level)
[    0.000000] Using ACPI (MADT) for SMP configuration information
[    0.000000] smpboot: Allowing 2 CPUs, 0 hotplug CPUs
[    0.000000] PM: Registered nosave memory: [mem 0x00000000-0x00000fff]
[    0.000000] PM: Registered nosave memory: [mem 0x0009f000-0x0009ffff]
[    0.000000] PM: Registered nosave memory: [mem 0x000a0000-0x000effff]
[    0.000000] PM: Registered nosave memory: [mem 0x000f0000-0x000fffff]
[    0.000000] e820: [mem 0x40000000-0xfebfffff] available for PCI devices
[    0.000000] Booting paravirtualized kernel on KVM
[    0.000000] clocksource: refined-jiffies: mask: 0xffffffff max_cycles: 0xffffffff, max_idle_ns: 7645519600211568 ns
[    0.000000] random: get_random_bytes called from start_kernel+0x99/0x4fd with crng_init=0
[    0.000000] setup_percpu: NR_CPUS:8192 nr_cpumask_bits:2 nr_cpu_ids:2 nr_node_ids:1
[    0.000000] percpu: Embedded 45 pages/cpu s147456 r8192 d28672 u1048576
[    0.000000] PV qspinlock hash table entries: 256 (order: 0, 4096 bytes)
[    0.000000] Built 1 zonelists, mobility grouping on.  Total pages: 257913
[    0.000000] Policy zone: DMA32
[    0.000000] Kernel command line: BOOT_IMAGE=/boot/vmlinuz-4.15.0-76-generic root=UUID=22d612d6-934b-4d55-995d-16aeb1bc5d8a ro console=tty1 console=ttyS0
[    0.000000] Memory: 982552K/1048120K available (12300K kernel code, 2481K rwdata, 4260K rodata, 2428K init, 2704K bss, 65568K reserved, 0K cma-reserved)
[    0.000000] SLUB: HWalign=64, Order=0-3, MinObjects=0, CPUs=2, Nodes=1
[    0.000000] Kernel/User page tables isolation: enabled
[    0.000000] ftrace: allocating 39322 entries in 154 pages
[    0.004000] Hierarchical RCU implementation.
[    0.004000] 	RCU restricting CPUs from NR_CPUS=8192 to nr_cpu_ids=2.
[    0.004000] 	Tasks RCU enabled.
[    0.004000] RCU: Adjusting geometry for rcu_fanout_leaf=16, nr_cpu_ids=2
[    0.004000] NR_IRQS: 524544, nr_irqs: 440, preallocated irqs: 16
[    0.004000] Console: colour VGA+ 80x25
[    0.004000] console [tty1] enabled
[    0.004000] console [ttyS0] enabled
[    0.004000] ACPI: Core revision 20170831
[    0.004000] ACPI: 2 ACPI AML tables successfully acquired and loaded
[    0.004000] APIC: Switch to symmetric I/O mode setup
[    0.004000] x2apic enabled
[    0.004007] Switched APIC routing to physical x2apic.
[    0.008903] ..TIMER: vector=0x30 apic1=0 pin1=2 apic2=-1 pin2=-1
[    0.012006] tsc: Detected 2304.000 MHz processor
[    0.016011] Calibrating delay loop (skipped) preset value.. 4608.00 BogoMIPS (lpj=9216000)
[    0.020007] pid_max: default: 32768 minimum: 301
[    0.024037] Security Framework initialized
[    0.028004] Yama: becoming mindful.
[    0.029008] AppArmor: AppArmor initialized
[    0.031693] Dentry cache hash table entries: 131072 (order: 8, 1048576 bytes)
[    0.032081] Inode-cache hash table entries: 65536 (order: 7, 524288 bytes)
[    0.036037] Mount-cache hash table entries: 2048 (order: 2, 16384 bytes)
[    0.040012] Mountpoint-cache hash table entries: 2048 (order: 2, 16384 bytes)
[    0.044298] Last level iTLB entries: 4KB 64, 2MB 8, 4MB 8
[    0.048005] Last level dTLB entries: 4KB 64, 2MB 0, 4MB 0, 1GB 4
[    0.052005] Spectre V1 : Mitigation: usercopy/swapgs barriers and __user pointer sanitization
[    0.056002] Spectre V2 : Mitigation: Full generic retpoline
[    0.057822] Spectre V2 : Spectre v2 / SpectreRSB mitigation: Filling RSB on context switch
[    0.060004] Speculative Store Bypass: Vulnerable
[    0.064046] MDS: Vulnerable: Clear CPU buffers attempted, no microcode
[    0.068177] Freeing SMP alternatives memory: 36K
[    0.182343] smpboot: CPU0: Intel(R) Core(TM) i5-7360U CPU @ 2.30GHz (family: 0x6, model: 0x8e, stepping: 0x9)
[    0.184080] Performance Events: unsupported p6 CPU model 142 no PMU driver, software events only.
[    0.188049] Hierarchical SRCU implementation.
[    0.192014] NMI watchdog: Perf event create on CPU 0 failed with -2
[    0.193738] NMI watchdog: Perf NMI watchdog permanently disabled
[    0.196060] smp: Bringing up secondary CPUs ...
[    0.197115] x86: Booting SMP configuration:
[    0.200005] .... node  #0, CPUs:      #1
[    0.004000] kvm-clock: cpu 1, msr 0:3ff44041, secondary cpu clock
[    0.208027] smp: Brought up 1 node, 2 CPUs
[    0.210694] smpboot: Max logical packages: 1
[    0.211578] smpboot: Total of 2 processors activated (9216.00 BogoMIPS)
[    0.212195] devtmpfs: initialized
[    0.216048] x86/mm: Memory block size: 128MB
[    0.220119] evm: security.selinux
[    0.224003] evm: security.SMACK64
[    0.224753] evm: security.SMACK64EXEC
[    0.225545] evm: security.SMACK64TRANSMUTE
[    0.226936] evm: security.SMACK64MMAP
[    0.228003] evm: security.apparmor
[    0.228763] evm: security.ima
[    0.229397] evm: security.capability
[    0.232135] clocksource: jiffies: mask: 0xffffffff max_cycles: 0xffffffff, max_idle_ns: 7645041785100000 ns
[    0.234856] futex hash table entries: 512 (order: 3, 32768 bytes)
[    0.237647] pinctrl core: initialized pinctrl subsystem
[    0.240095] RTC time: 16:28:29, date: 04/01/20
[    0.242039] NET: Registered protocol family 16
[    0.244084] audit: initializing netlink subsys (disabled)
[    0.245761] audit: type=2000 audit(1585758517.275:1): state=initialized audit_enabled=0 res=1
[    0.248017] cpuidle: using governor ladder
[    0.252015] cpuidle: using governor menu
[    0.256055] ACPI: bus type PCI registered
[    0.260006] acpiphp: ACPI Hot Plug PCI Controller Driver version: 0.5
[    0.264124] PCI: Using configuration type 1 for base access
[    0.269234] HugeTLB registered 2.00 MiB page size, pre-allocated 0 pages
[    0.272080] ACPI: Added _OSI(Module Device)
[    0.273239] ACPI: Added _OSI(Processor Device)
[    0.274450] ACPI: Added _OSI(3.0 _SCP Extensions)
[    0.276003] ACPI: Added _OSI(Processor Aggregator Device)
[    0.280014] ACPI: Added _OSI(Linux-Dell-Video)
[    0.284005] ACPI: Added _OSI(Linux-Lenovo-NV-HDMI-Audio)
[    0.288005] ACPI: Added _OSI(Linux-HPI-Hybrid-Graphics)
[    0.289459] ACPI: Executed 1 blocks of module-level executable AML code
[    0.294702] ACPI: Interpreter enabled
[    0.296015] ACPI: (supports S0 S5)
[    0.296736] ACPI: Using IOAPIC for interrupt routing
[    0.300194] PCI: Using host bridge windows from ACPI; if necessary, use "pci=nocrs" and report a bug
[    0.302843] ACPI: Enabled 2 GPEs in block 00 to 07
[    0.312754] ACPI: PCI Root Bridge [PCI0] (domain 0000 [bus 00-ff])
[    0.316013] acpi PNP0A03:00: _OSC: OS supports [ASPM ClockPM Segments MSI]
[    0.320399] acpi PNP0A03:00: _OSC: not requesting OS control; OS requires [ExtendedConfig ASPM ClockPM MSI]
[    0.324020] acpi PNP0A03:00: fail to add MMCONFIG information, can't access extended PCI configuration space under this bridge.
[    0.326758] PCI host bridge to bus 0000:00
[    0.328007] pci_bus 0000:00: root bus resource [io  0x0000-0x0cf7 window]
[    0.332006] pci_bus 0000:00: root bus resource [io  0x0d00-0xffff window]
[    0.334113] pci_bus 0000:00: root bus resource [mem 0x000a0000-0x000bffff window]
[    0.336004] pci_bus 0000:00: root bus resource [mem 0x40000000-0xfdffffff window]
[    0.337987] pci_bus 0000:00: root bus resource [bus 00-ff]
[    0.345236] pci 0000:00:01.1: legacy IDE quirk: reg 0x10: [io  0x01f0-0x01f7]
[    0.346789] pci 0000:00:01.1: legacy IDE quirk: reg 0x14: [io  0x03f6]
[    0.348004] pci 0000:00:01.1: legacy IDE quirk: reg 0x18: [io  0x0170-0x0177]
[    0.350121] pci 0000:00:01.1: legacy IDE quirk: reg 0x1c: [io  0x0376]
[    0.377343] pci 0000:00:07.0: quirk: [io  0x4000-0x403f] claimed by PIIX4 ACPI
[    0.379542] pci 0000:00:07.0: quirk: [io  0x4100-0x410f] claimed by PIIX4 SMB
[    0.388453] ACPI: PCI Interrupt Link [LNKA] (IRQs 5 9 10 *11)
[    0.390495] ACPI: PCI Interrupt Link [LNKB] (IRQs 5 9 *10 11)
[    0.391782] ACPI: PCI Interrupt Link [LNKC] (IRQs 5 *9 10 11)
[    0.392149] ACPI: PCI Interrupt Link [LNKD] (IRQs 5 9 10 *11)
[    0.396365] SCSI subsystem initialized
[    0.397331] pci 0000:00:02.0: vgaarb: setting as boot VGA device
[    0.397657] pci 0000:00:02.0: vgaarb: VGA device added: decodes=io+mem,owns=io+mem,locks=none
[    0.400008] pci 0000:00:02.0: vgaarb: bridge control possible
[    0.404003] vgaarb: loaded
[    0.404815] ACPI: bus type USB registered
[    0.406235] usbcore: registered new interface driver usbfs
[    0.408016] usbcore: registered new interface driver hub
[    0.409727] usbcore: registered new device driver usb
[    0.411059] EDAC MC: Ver: 3.0.0
[    0.412522] PCI: Using ACPI for IRQ routing
[    0.414177] NetLabel: Initializing
[    0.416003] NetLabel:  domain hash size = 128
[    0.417199] NetLabel:  protocols = UNLABELED CIPSOv4 CALIPSO
[    0.418735] NetLabel:  unlabeled traffic allowed by default
[    0.420107] clocksource: Switched to clocksource kvm-clock
[    0.436304] VFS: Disk quotas dquot_6.6.0
[    0.440676] VFS: Dquot-cache hash table entries: 512 (order 0, 4096 bytes)
[    0.442689] AppArmor: AppArmor Filesystem Enabled
[    0.444294] pnp: PnP ACPI init
[    0.446236] pnp: PnP ACPI: found 3 devices
[    0.458606] clocksource: acpi_pm: mask: 0xffffff max_cycles: 0xffffff, max_idle_ns: 2085701024 ns
[    0.461099] NET: Registered protocol family 2
[    0.462434] TCP established hash table entries: 8192 (order: 4, 65536 bytes)
[    0.464147] TCP bind hash table entries: 8192 (order: 5, 131072 bytes)
[    0.467368] TCP: Hash tables configured (established 8192 bind 8192)
[    0.469648] UDP hash table entries: 512 (order: 2, 16384 bytes)
[    0.470864] UDP-Lite hash table entries: 512 (order: 2, 16384 bytes)
[    0.472625] NET: Registered protocol family 1
[    0.473757] pci 0000:00:00.0: Limiting direct PCI/PCI transfers
[    0.475179] pci 0000:00:01.0: Activating ISA DMA hang workarounds
[    0.477304] pci 0000:00:02.0: Video device with shadowed ROM at [mem 0x000c0000-0x000dffff]
[    0.479914] Unpacking initramfs...
[    0.764114] Freeing initrd memory: 19728K
[    0.768996] clocksource: tsc: mask: 0xffffffffffffffff max_cycles: 0x2135f7c97c8, max_idle_ns: 440795273205 ns
[    0.772576] platform rtc_cmos: registered platform RTC device (no PNP device found)
[    0.775067] Scanning for low memory corruption every 60 seconds
[    0.777236] Initialise system trusted keyrings
[    0.778431] Key type blacklist registered
[    0.779629] workingset: timestamp_bits=36 max_order=18 bucket_order=0
[    0.782852] zbud: loaded
[    0.784304] squashfs: version 4.0 (2009/01/31) Phillip Lougher
[    0.786169] fuse init (API version 7.26)
[    0.791024] Key type asymmetric registered
[    0.793192] Asymmetric key parser 'x509' registered
[    0.796926] Block layer SCSI generic (bsg) driver version 0.4 loaded (major 246)
[    0.798687] io scheduler noop registered
[    0.801244] io scheduler deadline registered
[    0.803414] io scheduler cfq registered (default)
[    0.805675] ACPI: AC Adapter [AC] (on-line)
[    0.806771] input: Power Button as /devices/LNXSYSTM:00/LNXPWRBN:00/input/input0
[    0.808804] ACPI: Power Button [PWRF]
[    0.810115] input: Sleep Button as /devices/LNXSYSTM:00/LNXSLPBN:00/input/input1
[    0.812508] ACPI: Sleep Button [SLPF]
[    0.817986] ACPI: Battery Slot [BAT0] (battery present)
[    0.819209] Serial: 8250/16550 driver, 32 ports, IRQ sharing enabled
 	
 !"#$%&'()*+,-./0123456789:;<=>?@ABCDEFGHIJKLMNOPQRSTUVWXYZ[\]^_`abcdefghijklmnopqrstuvwxyz{|}~€‚ƒ„…†‡ˆ‰Š‹ŒŽ‘’“”•–—˜™š›œžŸ ¡¢£¤¥¦§¨©ª«¬­®¯°±²³´µ¶·¸¹º»¼½¾¿ÀÁÂÃÄÅÆÇÈÉÊËÌÍÎÏÐÑÒÓÔÕÖ×ØÙÚÛÜÝÞßàáâãäåæçèéêëìíîïðñòóôõö÷øùúûüýþÿ[    0.845190] 00:02: ttyS0 at I/O 0x3f8 (irq = 4, base_baud = 115200) is a 16550A
[    0.852845] Linux agpgart interface v0.103
[    0.862642] loop: module loaded
[    0.864697] scsi host0: ata_piix
[    0.865783] scsi host1: ata_piix
[    0.866821] ata1: PATA max UDMA/33 cmd 0x1f0 ctl 0x3f6 bmdma 0xd000 irq 14
[    0.869456] ata2: PATA max UDMA/33 cmd 0x170 ctl 0x376 bmdma 0xd008 irq 15
[    0.872932] libphy: Fixed MDIO Bus: probed
[    0.874652] tun: Universal TUN/TAP device driver, 1.6
[    0.876695] PPP generic driver version 2.4.2
[    0.878339] ehci_hcd: USB 2.0 'Enhanced' Host Controller (EHCI) Driver
[    0.881118] ehci-pci: EHCI PCI platform driver
[    0.882597] ehci-platform: EHCI generic platform driver
[    0.884283] ohci_hcd: USB 1.1 'Open' Host Controller (OHCI) Driver
[    0.886993] ohci-pci: OHCI PCI platform driver
[    0.888544] ohci-platform: OHCI generic platform driver
[    0.890134] uhci_hcd: USB Universal Host Controller Interface driver
[    0.892548] i8042: PNP: PS/2 Controller [PNP0303:PS2K,PNP0f03:PS2M] at 0x60,0x64 irq 1,12
[    0.895604] serio: i8042 KBD port at 0x60,0x64 irq 1
[    0.902134] serio: i8042 AUX port at 0x60,0x64 irq 12
[    0.904327] mousedev: PS/2 mouse device common for all mice
[    0.908001] input: AT Translated Set 2 keyboard as /devices/platform/i8042/serio0/input/input2
[    0.911626] rtc_cmos rtc_cmos: rtc core: registered rtc_cmos as rtc0
[    0.916678] rtc_cmos rtc_cmos: alarms up to one day, 114 bytes nvram
[    0.918887] i2c /dev entries driver
[    0.920527] device-mapper: uevent: version 1.0.3
[    0.922290] device-mapper: ioctl: 4.37.0-ioctl (2017-09-20) initialised: dm-devel@redhat.com
[    0.925550] ledtrig-cpu: registered to indicate activity on CPUs
[    0.928190] NET: Registered protocol family 10
[    0.935807] Segment Routing with IPv6
[    0.937208] NET: Registered protocol family 17
[    0.938873] Key type dns_resolver registered
[    0.941652] mce: Using 0 MCE banks
[    0.942946] RAS: Correctable Errors collector initialized.
[    0.944918] sched_clock: Marking stable (944884721, 0)->(1276055910, -331171189)
[    0.948377] registered taskstats version 1
[    0.949927] Loading compiled-in X.509 certificates
[    0.955022] Loaded X.509 cert 'Build time autogenerated kernel key: 665cd2b89e03521f57c41865f552ebce30a0c7fb'
[    0.958997] zswap: loaded using pool lzo/zbud
[    0.965837] Key type big_key registered
[    0.967347] Key type trusted registered
[    0.971546] Key type encrypted registered
[    0.973216] AppArmor: AppArmor sha1 policy hashing enabled
[    0.975027] ima: No TPM chip found, activating TPM-bypass! (rc=-19)
[    0.977213] ima: Allocated hash algorithm: sha1
[    0.979217] evm: HMAC attrs: 0x1
[    0.980749]   Magic number: 0:684:488
[    0.982131] regulator regulator.0: hash matches
[    0.988081] rtc_cmos rtc_cmos: setting system clock to 2020-04-01 16:28:30 UTC (1585758510)
[    0.997405] BIOS EDD facility v0.16 2004-Jun-25, 0 devices found
[    1.001143] EDD information not available.
[    1.034675] Freeing unused kernel image memory: 2428K
[    1.057085] Write protecting the kernel read-only data: 20480k
[    1.059617] Freeing unused kernel image memory: 2008K
[    1.061909] Freeing unused kernel image memory: 1884K
[    1.072505] x86/mm: Checked W+X mappings: passed, no W+X pages found.
[    1.074365] x86/mm: Checking user space page tables
[    1.080540] x86/mm: Checked W+X mappings: passed, no W+X pages found.
Loading, please wait...
starting version 237
[    1.158793] e1000: Intel(R) PRO/1000 Network Driver - version 7.3.21-k8-NAPI
[    1.161352] e1000: Copyright (c) 1999-2006 Intel Corporation.
[    1.163226] Fusion MPT base driver 3.04.20
[    1.167203] Copyright (c) 1999-2008 LSI Corporation
[    1.205399] Fusion MPT SPI Host driver 3.04.20
[    1.216257] AVX2 version of gcm_enc/dec engaged.
[    1.217897] AES CTR mode by8 optimization enabled
[    1.402741] input: ImExPS/2 Generic Explorer Mouse as /devices/platform/i8042/serio1/input/input4
[    1.624787] e1000 0000:00:03.0 eth0: (PCI:33MHz:32-bit) 02:6f:f9:1e:39:dc
[    1.626928] e1000 0000:00:03.0 eth0: Intel(R) PRO/1000 Network Connection
[    1.631350] mptbase: ioc0: Initiating bringup
[    1.633933] e1000 0000:00:03.0 enp0s3: renamed from eth0
[    1.728618] ioc0: LSI53C1030 A0: Capabilities={Initiator}
[    1.972619] scsi host2: ioc0: LSI53C1030 A0, FwRev=00000000h, Ports=1, MaxQ=256, IRQ=20
[    2.141557] scsi 2:0:0:0: Direct-Access     VBOX     HARDDISK         1.0  PQ: 0 ANSI: 5
[    2.176152] scsi target2:0:0: Beginning Domain Validation
[    2.183448] scsi target2:0:0: Domain Validation skipping write tests
[    2.187655] scsi target2:0:0: Ending Domain Validation
[    2.191812] scsi target2:0:0: asynchronous
[    2.196381] scsi 2:0:1:0: Direct-Access     VBOX     HARDDISK         1.0  PQ: 0 ANSI: 5
[    2.236138] scsi target2:0:1: Beginning Domain Validation
[    2.238797] random: fast init done
[    2.242219] scsi target2:0:1: Domain Validation skipping write tests
[    2.244764] scsi target2:0:1: Ending Domain Validation
[    2.246751] scsi target2:0:1: asynchronous
[    2.256724] random: systemd-udevd: uninitialized urandom read (16 bytes read)
[    2.259021] random: systemd-udevd: uninitialized urandom read (16 bytes read)
[    2.261329] random: systemd-udevd: uninitialized urandom read (16 bytes read)
[    2.261339] sd 2:0:0:0: Attached scsi generic sg0 type 0
[    2.263247] sd 2:0:0:0: [sda] 20971520 512-byte logical blocks: (10.7 GB/10.0 GiB)
[    2.268099] sd 2:0:0:0: [sda] Write Protect is off
[    2.271571] sd 2:0:1:0: Attached scsi generic sg1 type 0
[    2.272437] sd 2:0:0:0: [sda] Incomplete mode parameter data
[    2.275471] sd 2:0:0:0: [sda] Assuming drive cache: write through
[    2.277201] sd 2:0:1:0: [sdb] 20480 512-byte logical blocks: (10.5 MB/10.0 MiB)
[    2.279405] sd 2:0:1:0: [sdb] Write Protect is off
[    2.280241]  sda: sda1
[    2.282066] sd 2:0:1:0: [sdb] Incomplete mode parameter data
[    2.283052] sd 2:0:0:0: [sda] Attached SCSI disk
[    2.284528] sd 2:0:1:0: [sdb] Assuming drive cache: write through
[    2.294391] sd 2:0:1:0: [sdb] Attached SCSI disk
Begin: Loading essential drivers ... [    4.012185] raid6: sse2x1   gen()  6742 MB/s
[    4.060317] raid6: sse2x1   xor()  5793 MB/s
[    4.108738] raid6: sse2x2   gen()  8103 MB/s
[    4.156380] raid6: sse2x2   xor()  7559 MB/s
[    4.206080] raid6: sse2x4   gen() 10968 MB/s
[    4.256799] raid6: sse2x4   xor()  6289 MB/s
[    4.304474] raid6: avx2x1   gen() 17680 MB/s
[    4.352317] raid6: avx2x1   xor() 11055 MB/s
[    4.400390] raid6: avx2x2   gen() 18331 MB/s
[    4.448124] raid6: avx2x2   xor() 13246 MB/s
[    4.496700] raid6: avx2x4   gen() 16791 MB/s
[    4.545849] raid6: avx2x4   xor() 12815 MB/s
[    4.547099] raid6: using algorithm avx2x2 gen() 18331 MB/s
[    4.548491] raid6: .... xor() 13246 MB/s, rmw enabled
[    4.550621] raid6: using avx2x2 recovery algorithm
[    4.555162] xor: automatically using best checksumming function   avx       
[    4.565251] async_tx: api initialized (async)
done.
Begin: Running /scripts/init-premount ... done.
Begin: Mounting root file system ... Begin: Running /scripts/local-top ... done.
Begin: Running /scripts/local-premount ... [    4.644648] Btrfs loaded, crc32c=crc32c-intel
Scanning for Btrfs filesystems
done.
Warning: fsck not present, so skipping root file system
[    4.754330] EXT4-fs (sda1): mounted filesystem with ordered data mode. Opts: (null)
done.
Begin: Running /scripts/local-bottom ... done.
Begin: Running /scripts/init-bottom ... done.
[    6.298588] ip_tables: (C) 2000-2006 Netfilter Core Team
[    6.382401] systemd[1]: systemd 237 running in system mode. (+PAM +AUDIT +SELINUX +IMA +APPARMOR +SMACK +SYSVINIT +UTMP +LIBCRYPTSETUP +GCRYPT +GNUTLS +ACL +XZ +LZ4 +SECCOMP +BLKID +ELFUTILS +KMOD -IDN2 +IDN -PCRE2 default-hierarchy=hybrid)
[    6.401153] systemd[1]: Detected virtualization oracle.
[    6.408361] systemd[1]: Detected architecture x86-64.

Welcome to [1mUbuntu 18.04.3 LTS[0m!

[    6.440724] systemd[1]: Set hostname to <ubuntu-bionic>.
[    7.493042] random: crng init done
[    7.495315] random: 7 urandom warning(s) missed due to ratelimiting
[    8.021107] systemd[1]: Set up automount Arbitrary Executable File Formats File System Automount Point.
[[0;32m  OK  [0m] Set up automount Arbitrary Executabâ€¦rmats File System Automount Point.
[    8.027000] systemd[1]: Reached target Swap.
[[0;32m  OK  [0m] Reached target Swap.
[    8.033965] systemd[1]: Created slice System Slice.
[[0;32m  OK  [0m] Created slice System Slice.
[    8.036770] systemd[1]: Listening on Device-mapper event daemon FIFOs.
[[0;32m  OK  [0m] Listening on Device-mapper event daemon FIFOs.
[    8.045535] systemd[1]: Listening on LVM2 poll daemon socket.
[[0;32m  OK  [0m] Listening on LVM2 poll daemon socket.
[    8.051807] systemd[1]: Listening on Journal Socket.
[[0;32m  OK  [0m] Listening on Journal Socket.
         Starting Create list of required stâ€¦ce nodes for the current kernel...
         Starting Uncomplicated firewall...
         Starting Set the console keyboard layout...
[[0;32m  OK  [0m] Listening on LVM2 metadata daemon socket.
[[0;32m  OK  [0m] Reached target System Time Synchronized.
         Mounting Huge Pages File System...
         Starting Monitoring of LVM2 mirrorsâ€¦ng dmeventd or progress polling...
[[0;32m  OK  [0m] Created slice User and Session Slice.
[[0;32m  OK  [0m] Reached target Slices.
         Mounting POSIX Message Queue File System...
[[0;32m  OK  [0m] Listening on Journal Socket (/dev/log).
[[0;32m  OK  [0m] Listening on Network Service Netlink Socket.
         Mounting Kernel Debug File System...
[[0;32m  OK  [0m] Started Forward Password Requests to Wall Directory Watch.
         Starting Load Kernel Modules...
[[0;32m  OK  [0m] Listening on udev Kernel Socket.
[[0;32m  OK  [0m] Listening on Journal Audit Socket.
[[0;32m  OK  [0m] Created slice system-postgresql.slice.
[[0;32m  OK  [0m] Reached target User and Group Name Lookups.
[[0;32m  OK  [0m] Listening on Syslog Socket.
         Starting Journal Service...
         Starting Remount Root and Kernel File Systems...
[[0;32m  OK  [0m] Created slice system-serial\x2dgetty.slice.
[[0;32m  OK  [0m] Listening on /dev/initctl Compatibility Named Pipe.
[[0;32m  OK  [0m] Listening on udev Control Socket.
         Starting udev Coldplug all Devices...
[[0;32m  OK  [0m] Started Create list of required staâ€¦vice nodes for the current kernel.
[[0;32m  OK  [0m] Started Uncomplicated firewall.
[[0;32m  OK  [0m] Mounted Huge Pages File System.
[[0;32m  OK  [0m] Mounted POSIX Message Queue File System.
[[0;32m  OK  [0m] Mounted Kernel Debug File System.
[[0;32m  OK  [0m] Started LVM2 metadata daemon.
         Starting Create Static Device Nodes in /dev...
[    8.302611] Loading iSCSI transport class v2.0-870.
[    8.342904] EXT4-fs (sda1): re-mounted. Opts: (null)
[[0;32m  OK  [0m] Started Remount Root and Kernel File Systems.
[    8.426957] iscsi: registered transport (tcp)
         Starting Load/Save Random Seed...
[[0;32m  OK  [0m] Started Journal Service.
[[0;32m  OK  [0m] Started Create Static Device Nodes in /dev.
[[0;32m  OK  [0m] Started udev Coldplug all Devices.
         Starting udev Kernel Device Manager...
         Starting Flush Journal to Persistent Storage...
[[0;32m  OK  [0m] Started Monitoring of LVM2 mirrors,â€¦sing dmeventd or progress polling.
[[0;32m  OK  [0m] Started Load/Save Random Seed.
[    8.504450] iscsi: registered transport (iser)
[[0;32m  OK  [0m] Started Load Kernel Modules.
         Mounting FUSE Control File System...
         Mounting Kernel Configuration File System...
         Starting Apply Kernel Variables...
[[0;32m  OK  [0m] Mounted FUSE Control File System.
[[0;32m  OK  [0m] Mounted Kernel Configuration File System.
[    8.560665] systemd-journald[409]: Received request to flush runtime journal from PID 1
[[0;32m  OK  [0m] Started Set the console keyboard layout.
[[0;32m  OK  [0m] Reached target Local File Systems (Pre).
[[0;32m  OK  [0m] Reached target Local File Systems.
         Starting ebtables ruleset management...
         Starting Tell Plymouth To Write Out Runtime Data...
         Starting AppArmor initialization...
         Starting Set console font and keymap...
[[0;32m  OK  [0m] Started Tell Plymouth To Write Out Runtime Data.
[[0;32m  OK  [0m] Started Set console font and keymap.
[[0;32m  OK  [0m] Started udev Kernel Device Manager.
[[0;32m  OK  [0m] Started Dispatch Password Requests to Console Directory Watch.
[[0;32m  OK  [0m] Reached target Local Encrypted Volumes.
[[0;32m  OK  [0m] Started Apply Kernel Variables.
[[0;32m  OK  [0m] Started ebtables ruleset management.
[[0;32m  OK  [0m] Started Flush Journal to Persistent Storage.
         Starting Create Volatile Files and Directories...
[[0;32m  OK  [0m] Found device /dev/ttyS0.
[[0;32m  OK  [0m] Started Create Volatile Files and Directories.
         Starting Update UTMP about System Boot/Shutdown...
[[0;32m  OK  [0m] Started Update UTMP about System Boot/Shutdown.
[[0;32m  OK  [0m] Listening on Load/Save RF Kill Switch Status /dev/rfkill Watch.
[[0;32m  OK  [0m] Started AppArmor initialization.
         Starting Initial cloud-init job (pre-networking)...
[   12.187939] cloud-init[533]: Cloud-init v. 19.3-41-gc4735dd3-0ubuntu1~18.04.1 running 'init-local' at Wed, 01 Apr 2020 16:28:41 +0000. Up 11.82 seconds.
[[0;32m  OK  [0m] Started Initial cloud-init job (pre-networking).
[[0;32m  OK  [0m] Reached target Network (Pre).
         Starting Network Service...
[[0;32m  OK  [0m] Started Network Service.
         Starting Wait for Network to be Configured...
         Starting Network Name Resolution...
[[0;32m  OK  [0m] Started Network Name Resolution.
[[0;32m  OK  [0m] Reached target Host and Network Name Lookups.
[[0;32m  OK  [0m] Reached target Network.
[[0;32m  OK  [0m] Started Wait for Network to be Configured.
         Starting Initial cloud-init job (metadata service crawler)...
[   14.957709] cloud-init[664]: Cloud-init v. 19.3-41-gc4735dd3-0ubuntu1~18.04.1 running 'init' at Wed, 01 Apr 2020 16:28:44 +0000. Up 14.81 seconds.
[   14.961227] cloud-init[664]: ci-info: ++++++++++++++++++++++++++++++++++++++Net device info++++++++++++++++++++++++++++++++++++++
[   14.964284] cloud-init[664]: ci-info: +--------+------+----------------------------+---------------+--------+-------------------+
[   14.967444] cloud-init[664]: ci-info: | Device |  Up  |          Address           |      Mask     | Scope  |     Hw-Address    |
[   14.970563] cloud-init[664]: ci-info: +--------+------+----------------------------+---------------+--------+-------------------+
[   14.974020] cloud-init[664]: ci-info: | enp0s3 | True |         10.0.2.15          | 255.255.255.0 | global | 02:6f:f9:1e:39:dc |
[   14.977709] cloud-init[664]: ci-info: | enp0s3 | True | fe80::6f:f9ff:fe1e:39dc/64 |       .       |  link  | 02:6f:f9:1e:39:dc |
[   14.980659] cloud-init[664]: ci-info: |   lo   | True |         127.0.0.1          |   255.0.0.0   |  host  |         .         |
[   14.983155] cloud-init[664]: ci-info: |   lo   | True |          ::1/128           |       .       |  host  |         .         |
[   14.986397] cloud-init[664]: ci-info: +--------+------+----------------------------+---------------+--------+-------------------+
[   14.989575] cloud-init[664]: ci-info: ++++++++++++++++++++++++++++Route IPv4 info+++++++++++++++++++++++++++++
[   14.992290] cloud-init[664]: ci-info: +-------+-------------+----------+-----------------+-----------+-------+
[   14.995444] cloud-init[664]: ci-info: | Route | Destination | Gateway  |     Genmask     | Interface | Flags |
[   14.999657] cloud-init[664]: ci-info: +-------+-------------+----------+-----------------+-----------+-------+
[   15.002820] cloud-init[664]: ci-info: |   0   |   0.0.0.0   | 10.0.2.2 |     0.0.0.0     |   enp0s3  |   UG  |
[   15.005705] cloud-init[664]: ci-info: |   1   |   10.0.2.0  | 0.0.0.0  |  255.255.255.0  |   enp0s3  |   U   |
[   15.012372] cloud-init[664]: ci-info: |   2   |   10.0.2.2  | 0.0.0.0  | 255.255.255.255 |   enp0s3  |   UH  |
[   15.014374] cloud-init[664]: ci-info: +-------+-------------+----------+-----------------+-----------+-------+
[   15.016934] cloud-init[664]: ci-info: +++++++++++++++++++Route IPv6 info+++++++++++++++++++
[   15.018895] cloud-init[664]: ci-info: +-------+-------------+---------+-----------+-------+
[   15.020938] cloud-init[664]: ci-info: | Route | Destination | Gateway | Interface | Flags |
[   15.022729] cloud-init[664]: ci-info: +-------+-------------+---------+-----------+-------+
[   15.024914] cloud-init[664]: ci-info: |   1   |  fe80::/64  |    ::   |   enp0s3  |   U   |
[   15.027274] cloud-init[664]: ci-info: |   3   |    local    |    ::   |   enp0s3  |   U   |
[   15.029552] cloud-init[664]: ci-info: |   4   |   ff00::/8  |    ::   |   enp0s3  |   U   |
[   15.031980] cloud-init[664]: ci-info: +-------+-------------+---------+-----------+-------+
[[0;32m  OK  [0m] Started Initial cloud-init job (metadata service crawler).
[[0;32m  OK  [0m] Reached target Network is Online.
         Starting Availability of block devices...
[[0;32m  OK  [0m] Reached target Remote File Systems (Pre).
[[0;32m  OK  [0m] Reached target Remote File Systems.
[[0;32m  OK  [0m] Reached target Cloud-config availability.
[[0;32m  OK  [0m] Reached target System Initialization.
[[0;32m  OK  [0m] Started Daily apt download activities.
         Starting LXD - unix socket.
[[0;32m  OK  [0m] Started Discard unused blocks once a week.
[[0;32m  OK  [0m] Listening on Open-iSCSI iscsid Socket.
[[0;32m  OK  [0m] Started Daily apt upgrade and clean activities.
[[0;32m  OK  [0m] Listening on D-Bus System Message Bus Socket.
         Starting Socket activation for snappy daemon.
[[0;32m  OK  [0m] Listening on ACPID Listen Socket.
[[0;32m  OK  [0m] Started ACPI Events Check.
[[0;32m  OK  [0m] Reached target Paths.
[[0;32m  OK  [0m] Started Daily Cleanup of Temporary Directories.
[[0;32m  OK  [0m] Started Message of the Day.
[[0;32m  OK  [0m] Reached target Timers.
[[0;32m  OK  [0m] Listening on UUID daemon activation socket.
[[0;32m  OK  [0m] Started Availability of block devices.
[[0;32m  OK  [0m] Listening on LXD - unix socket.
[[0;32m  OK  [0m] Listening on Socket activation for snappy daemon.
[[0;32m  OK  [0m] Reached target Sockets.
[[0;32m  OK  [0m] Reached target Basic System.
         Starting Accounts Service...
         Starting Discard unused blocks...
         Starting LSB: automatic crash report generation...
[[0;32m  OK  [0m] Started irqbalance daemon.
[[0;32m  OK  [0m] Started Deferred execution scheduler.
         Starting LXD - container startup/shutdown...
         Starting Resets System Activity Data Collector...
         Starting System Logging Service...
         Starting Virtualbox guest utils...
         Starting Login Service...
         Starting LSB: Record successful boot for GRUB...
         Starting Snappy daemon...
[[0;32m  OK  [0m] Started Regular background program processing daemon.
         Starting PostgreSQL Cluster 10-main...
         Starting Dispatcher daemon for systemd-networkd...
[[0;32m  OK  [0m] Started FUSE filesystem for LXC.
         Starting Message of the Day...
         Starting OpenBSD Secure Shell server...
         Starting Permit User Sessions...
[[0;32m  OK  [0m] Started D-Bus System Message Bus.
[[0;32m  OK  [0m] Started Login Service.
[[0;32m  OK  [0m] Started Unattended Upgrades Shutdown.
[[0;32m  OK  [0m] Started System Logging Service.
[[0;32m  OK  [0m] Started Discard unused blocks.
[[0;32m  OK  [0m] Started Resets System Activity Data Collector.
[[0;32m  OK  [0m] Started Permit User Sessions.
         Starting Terminate Plymouth Boot Screen...
         Starting Hold until boot process finishes up...
[[0;32m  OK  [0m] Started Hold until boot process finishes up.
         Starting Set console scheme...
[[0;32m  OK  [0m] Started Serial Getty on ttyS0.
[[0;32m  OK  [0m] Started Terminate Plymouth Boot Screen.
[[0;32m  OK  [0m] Started Set console scheme.
[[0;32m  OK  [0m] Created slice system-getty.slice.
[[0;32m  OK  [0m] Started Getty on tty1.
[[0;32m  OK  [0m] Reached target Login Prompts.
         Starting Authorization Manager...
[[0;32m  OK  [0m] Started OpenBSD Secure Shell server.
[[0;32m  OK  [0m] Started LSB: automatic crash report generation.
[[0;32m  OK  [0m] Started LSB: Record successful boot for GRUB.
[[0;32m  OK  [0m] Started Authorization Manager.
[[0;32m  OK  [0m] Started Accounts Service.
[[0;32m  OK  [0m] Started LXD - container startup/shutdown.
[[0;32m  OK  [0m] Started Virtualbox guest utils.
[[0;32m  OK  [0m] Started Snappy daemon.
         Starting Wait until snapd is fully seeded...
[[0;32m  OK  [0m] Started Dispatcher daemon for systemd-networkd.
[[0;32m  OK  [0m] Started Wait until snapd is fully seeded.
         Starting Apply the settings specified in cloud-config...
[[0;32m  OK  [0m] Created slice User Slice of vagrant.
         Starting User Manager for UID 1000...
[[0;32m  OK  [0m] Started Session 1 of user vagrant.
[[0;32m  OK  [0m] Started User Manager for UID 1000.
[   17.736357] cloud-init[1109]: Cloud-init v. 19.3-41-gc4735dd3-0ubuntu1~18.04.1 running 'modules:config' at Wed, 01 Apr 2020 16:28:47 +0000. Up 17.59 seconds.
[[0;32m  OK  [0m] Started Apply the settings specified in cloud-config.
[[0;32m  OK  [0m] Started PostgreSQL Cluster 10-main.
         Starting PostgreSQL RDBMS...
[[0;32m  OK  [0m] Started PostgreSQL RDBMS.
[[0;32m  OK  [0m] Reached target Multi-User System.
         Starting Execute cloud user/final scripts...
[[0;32m  OK  [0m] Reached target Graphical Interface.
         Starting Update UTMP about System Runlevel Changes...
[[0;32m  OK  [0m] Started Update UTMP about System Runlevel Changes.

Ubuntu 18.04.3 LTS ubuntu-bionic ttyS0

ubuntu-bionic login: [   22.558737] cloud-init[1329]: Cloud-init v. 19.3-41-gc4735dd3-0ubuntu1~18.04.1 running 'modules:final' at Wed, 01 Apr 2020 16:28:51 +0000. Up 21.53 seconds.
[   22.559160] cloud-init[1329]: Cloud-init v. 19.3-41-gc4735dd3-0ubuntu1~18.04.1 finished at Wed, 01 Apr 2020 16:28:52 +0000. Datasource DataSourceNoCloud [seed=/dev/sdb][dsmode=net].  Up 22.52 seconds
         Starting PostgreSQL Cluster 10-main...
[[0;32m  OK  [0m] Started PostgreSQL Cluster 10-main.
         Stopping LSB: automatic crash report generation...
[[0;32m  OK  [0m] Stopped LSB: automatic crash report generation.
         Starting LSB: automatic crash report generation...
[[0;32m  OK  [0m] Started LSB: automatic crash report generation.
[[0;32m  OK  [0m] Started Daily apt upgrade and clean activities.
